Python 3.6.5
ECHO is off.
PYTHONPATH=C:\Program Files (x86)\IntelSWTools\openvino\python\python3.6;
[setupvars.bat] OpenVINO environment initialized

C:\Users\alexa\Documents\NCS\AcceleratorProject (master -> origin)
λ python common\export_inference_graph.py -m alexnet_bs -o alexnet_bs.inf.pb
WARNING: Logging before flag parsing goes to stderr.
W0808 03:55:31.980825 12888 lazy_loader.py:50]
The TensorFlow contrib module will not be included in TensorFlow 2.0.
For more information, please see:
  * https://github.com/tensorflow/community/blob/master/rfcs/20180907-contrib-sunset.md
  * https://github.com/tensorflow/addons
  * https://github.com/tensorflow/io (for I/O related ops)
If you depend on functionality not listed there, please file an issue.

W0808 03:55:31.993740 12888 deprecation_wrapper.py:119] From C:\Users\alexa\Documents\NCS\AcceleratorProject\common\slim\nets\mobilenet\mobilenet.py:356: The name tf.nn.avg_pool is deprecated. Please use tf.nn.avg_pool2d instead.

generating inference graph for model: alexnet_bs depth_multiplier: {}
W0808 03:55:32.008732 12888 deprecation_wrapper.py:119] From common\export_inference_graph.py:105: The name tf.placeholder is deprecated. Please use tf.compat.v1.placeholder instead.

W0808 03:55:32.010728 12888 deprecation_wrapper.py:119] From C:\Users\alexa\Documents\NCS\AcceleratorProject\common\slim\syn_nets\var_alexnet\alexnet_bs.py:21: The name tf.variable_scope is deprecated. Please use tf.compat.v1.variable_scope instead.

W0808 03:55:32.486040 12888 deprecation.py:323] From common\export_inference_graph.py:111: extract_sub_graph (from tensorflow.python.framework.graph_util_impl) is deprecated and will be removed in a future version.

Instructions for updating:
Use `tf.compat.v1.graph_util.extract_sub_graph`
inference graph saved to:  alexnet_bs.inf.pb

C:\Users\alexa\Documents\NCS\AcceleratorProject (master -> origin)
λ python common\gen_weights.py -m alexnet_bs -o alexnet_bs.ckpt
WARNING: Logging before flag parsing goes to stderr.
W0808 03:55:44.569224 15824 lazy_loader.py:50]
The TensorFlow contrib module will not be included in TensorFlow 2.0.
For more information, please see:
  * https://github.com/tensorflow/community/blob/master/rfcs/20180907-contrib-sunset.md
  * https://github.com/tensorflow/addons
  * https://github.com/tensorflow/io (for I/O related ops)
If you depend on functionality not listed there, please file an issue.

W0808 03:55:44.580705 15824 deprecation_wrapper.py:119] From C:\Users\alexa\Documents\NCS\AcceleratorProject\common\slim\nets\mobilenet\mobilenet.py:356: The name tf.nn.avg_pool is deprecated. Please use tf.nn.avg_pool2d instead.

generating weights/checkpoint for model: alexnet_bs
W0808 03:55:44.594671 15824 deprecation_wrapper.py:119] From common\gen_weights.py:32: The name tf.Session is deprecated. Please use tf.compat.v1.Session instead.

2019-08-08 03:55:44.597622: I tensorflow/core/platform/cpu_feature_guard.cc:142] Your CPU supports instructions that this TensorFlow binary was not compiled to use: AVX2
W0808 03:55:44.620203 15824 deprecation_wrapper.py:119] From common\gen_weights.py:37: The name tf.placeholder is deprecated. Please use tf.compat.v1.placeholder instead.

W0808 03:55:44.623195 15824 deprecation_wrapper.py:119] From C:\Users\alexa\Documents\NCS\AcceleratorProject\common\slim\syn_nets\var_alexnet\alexnet_bs.py:21: The name tf.variable_scope is deprecated. Please use tf.compat.v1.variable_scope instead.

W0808 03:55:45.092700 15824 deprecation_wrapper.py:119] From common\gen_weights.py:42: The name tf.global_variables_initializer is deprecated. Please use tf.compat.v1.global_variables_initializer instead.

W0808 03:55:45.708524 15824 deprecation_wrapper.py:119] From common\gen_weights.py:44: The name tf.train.Saver is deprecated. Please use tf.compat.v1.train.Saver instead.

model checkpoint saved to:  alexnet_bs.ckpt

C:\Users\alexa\Documents\NCS\AcceleratorProject (master -> origin)
λ python common\freeze_model.py -c alexnet_bs.ckpt -g alexnet_bs.inf.pb
WARNING: Logging before flag parsing goes to stderr.
W0808 03:55:59.323612 10268 deprecation.py:323] From common\freeze_model.py:22: checkpoint_exists (from tensorflow.python.training.checkpoint_management) is deprecated and will be removed in a future version.
Instructions for updating:
Use standard file APIs to check for files with this prefix.
W0808 03:55:59.328609 10268 deprecation_wrapper.py:119] From common\freeze_model.py:26: The name tf.Session is deprecated. Please use tf.compat.v1.Session instead.

2019-08-08 03:55:59.343912: I tensorflow/core/platform/cpu_feature_guard.cc:142] Your CPU supports instructions that this TensorFlow binary was not compiled to use: AVX2
W0808 03:55:59.365528 10268 deprecation_wrapper.py:119] From common\freeze_model.py:38: The name tf.GraphDef is deprecated. Please use tf.compat.v1.GraphDef instead.

W0808 03:55:59.366526 10268 deprecation.py:323] From common\freeze_model.py:39: FastGFile.__init__ (from tensorflow.python.platform.gfile) is deprecated and will be removed in a future version.
Instructions for updating:
Use tf.gfile.GFile.
W0808 03:55:59.401435 10268 deprecation_wrapper.py:119] From common\freeze_model.py:57: The name tf.get_default_graph is deprecated. Please use tf.compat.v1.get_default_graph instead.

alexnet_bs model restored
W0808 03:55:59.664256 10268 deprecation.py:323] From common\freeze_model.py:66: convert_variables_to_constants (from tensorflow.python.framework.graph_util_impl) is deprecated and will be removed in a future version.
Instructions for updating:
Use `tf.compat.v1.graph_util.convert_variables_to_constants`
W0808 03:55:59.665286 10268 deprecation.py:323] From C:\Users\alexa\AppData\Local\Programs\Python\Python36\lib\site-packages\tensorflow\python\framework\graph_util_impl.py:270: extract_sub_graph (from tensorflow.python.framework.graph_util_impl) is deprecated and will be removed in a future version.
Instructions for updating:
Use `tf.compat.v1.graph_util.extract_sub_graph`
W0808 03:56:03.028148 10268 deprecation.py:323] From C:\Users\alexa\AppData\Local\Programs\Python\Python36\lib\site-packages\tensorflow\python\tools\optimize_for_inference_lib.py:113: remove_training_nodes (from tensorflow.python.framework.graph_util_impl) is deprecated and will be removed in a future version.
Instructions for updating:
Use `tf.compat.v1.graph_util.remove_training_nodes`
45 ops in the final graph.
W0808 03:56:05.142820 10268 deprecation_wrapper.py:119] From common\freeze_model.py:78: The name tf.gfile.GFile is deprecated. Please use tf.io.gfile.GFile instead.

frozen graph binary saved to: C:\Users\alexa\Documents\NCS\AcceleratorProject\alexnet_bs.frozen.pb

C:\Users\alexa\Documents\NCS\AcceleratorProject (master -> origin)
λ python "C:\Program Files (x86)\IntelSWTools\openvino\deployment_tools\model_optimizer\mo_tf.py" --input_model alexnet_bs.frozen.pb --output_dir C:/Users/alexa/Documents/NCS/ir --data_type FP16 --input_shape (1,224,224,3)
Model Optimizer arguments:
Common parameters:
        - Path to the Input Model:      C:\Users\alexa\Documents\NCS\AcceleratorProject\alexnet_bs.frozen.p

        - Path for generated IR:        C:/Users/alexa/Documents/NCS/ir
        - IR output name:       alexnet_bs.frozen
        - Log level:    ERROR
        - Batch:        Not specified, inherited from the model
        - Input layers:         Not specified, inherited from the model
        - Output layers:        Not specified, inherited from the model
        - Input shapes:         (1,224,224,3)
        - Mean values:  Not specified
        - Scale values:         Not specified
        - Scale factor:         Not specified
        - Precision of IR:      FP16
        - Enable fusing:        True
        - Enable grouped convolutions fusing:   True
        - Move mean values to preprocess section:       False
        - Reverse input channels:       False
TensorFlow specific parameters:
        - Input model in text protobuf format:  False
        - Path to model dump for TensorBoard:   None
        - List of shared libraries with TensorFlow custom layers implementation:        None
        - Update the configuration file with input/output node names:   None
        - Use configuration file used to generate the model with Object Detection API:  None
        - Operations to offload:        None
        - Patterns to offload:  None
        - Use the config file:  None
Model Optimizer version:        2019.1.1-83-g28dfbfd

[ SUCCESS ] Generated IR model.
[ SUCCESS ] XML file: C:/Users/alexa/Documents/NCS/ir\alexnet_bs.frozen.xml
[ SUCCESS ] BIN file: C:/Users/alexa/Documents/NCS/ir\alexnet_bs.frozen.bin
[ SUCCESS ] Total execution time: 26.52 seconds.

C:\Users\alexa\Documents\NCS\AcceleratorProject (master -> origin)
λ python "C:\Program Files (x86)\IntelSWTools\openvino_2019.1.148\deployment_tools\inference_engine\samples\python_samples\classification_sample\classification_sample.py" --model C:\Users\alexa\Documents\NCS\ir\alexnet_bs.frozen.xml --input C:\Users\alexa\Documents\NCS\test_pictures\car.jpg --device MYRIAD --perf_counts --labels C:\Users\alexa\Documents\NCS\ir\squeezenet1.1.labels
[ INFO ] Loading network files:
        C:\Users\alexa\Documents\NCS\ir\alexnet_bs.frozen.xml
        C:\Users\alexa\Documents\NCS\ir\alexnet_bs.frozen.bin
[ INFO ] Preparing input blobs
[ WARNING ] Image C:\Users\alexa\Documents\NCS\test_pictures\car.jpg is resized from (1700, 2560) to (224, 224)
[ INFO ] Batch size is 1
[ INFO ] Loading model to the plugin
[ INFO ] Starting inference (1 iterations)
[ INFO ] Average running time of one iteration: 28.176069259643555 ms
[ INFO ] Performance counters:
name                                                                   layer_type      exet_type       status          real_time, us
<none>                                                                 ReLU            <none>          OPTIMIZED_OUT   0
alexnet_bs/conv1/Conv2D@concat-output                                  Convolution     Concat          OPTIMIZED_OUT   0
alexnet_bs/conv1/Conv2D@concat-output@input=0@copy-for-concat          Convolution     Copy            EXECUTED        83
alexnet_bs/conv1/Conv2D@concat-output@input=1@copy-for-concat          Convolution     Copy            EXECUTED        68
alexnet_bs/conv1/Conv2D@concat-output@input=3@copy-for-concat          Convolution     Copy            EXECUTED        18
alexnet_bs/conv1/Conv2D@expand-input                                   Convolution     Expand          OPTIMIZED_OUT   0
alexnet_bs/conv1/Conv2D@soh=1/4                                        Convolution     MyriadXHwOp     EXECUTED        445
alexnet_bs/conv1/Conv2D@soh=2/4                                        Convolution     MyriadXHwOp     EXECUTED        439
alexnet_bs/conv1/Conv2D@soh=3/4                                        Convolution     MyriadXHwOp     EXECUTED        437
alexnet_bs/conv1/Conv2D@soh=4/4 + injected[alexnet_bs/conv1/Conv2D@concat-output@input=2@copy-for-concat] Convolution     MyriadXHwOp + injected[Copy] EXECUTED        72
alexnet_bs/conv1/Conv2D@split-input                                    Convolution     Split           OPTIMIZED_OUT   0
alexnet_bs/conv2/Conv2D                                                Convolution     MyriadXHwOp     EXECUTED        1805
alexnet_bs/conv3/Conv2D                                                Convolution     MyriadXHwOp     EXECUTED        739
alexnet_bs/conv4/Conv2D                                                Convolution     MyriadXHwOp     EXECUTED        1560
alexnet_bs/conv5/Conv2D                                                Convolution     MyriadXHwOp     EXECUTED        1560
alexnet_bs/fc6/Conv2D@expand-input                                     Convolution     Expand          OPTIMIZED_OUT   0
alexnet_bs/fc6/Conv2D@soc=1/5                                          Convolution     MyriadXHwOp     EXECUTED        1717
alexnet_bs/fc6/Conv2D@soc=2/5                                          Convolution     MyriadXHwOp     EXECUTED        1702
alexnet_bs/fc6/Conv2D@soc=3/5 + injected[alexnet_bs/fc6/Conv2D@soc=2/5@accum] Convolution     MyriadXHwOp + injected[Sum] EXECUTED        1731
alexnet_bs/fc6/Conv2D@soc=4/5 + injected[alexnet_bs/fc6/Conv2D@soc=3/5@accum] Convolution     MyriadXHwOp + injected[Sum] EXECUTED        1727
alexnet_bs/fc6/Conv2D@soc=5/5 + injected[alexnet_bs/fc6/Conv2D@soc=4/5@accum] Convolution     MyriadXHwOp + injected[Sum] EXECUTED        1728
alexnet_bs/fc6/Conv2D@soc=5/5@ReLU                                     Convolution     Relu            EXECUTED        46
alexnet_bs/fc6/Conv2D@soc=5/5@accum                                    Convolution     Sum             EXECUTED        43
alexnet_bs/fc6/Conv2D@split-input                                      Convolution     Split           OPTIMIZED_OUT   0
alexnet_bs/fc7/Conv2D@soc=1/2                                          Convolution     MyriadXHwOp     EXECUTED        1747
alexnet_bs/fc7/Conv2D@soc=2/2                                          Convolution     MyriadXHwOp     EXECUTED        1735
alexnet_bs/fc7/Conv2D@soc=2/2@ReLU                                     Convolution     Relu            EXECUTED        40
alexnet_bs/fc7/Conv2D@soc=2/2@accum                                    Convolution     Sum             EXECUTED        44
alexnet_bs/fc7/Conv2D@split-input                                      Convolution     Split           OPTIMIZED_OUT   0
alexnet_bs/fc8/Conv2D/Permute_                                         Permute         Permute         EXECUTED        20
alexnet_bs/fc8/Conv2D@soc=1/2                                          Convolution     MyriadXHwOp     EXECUTED        438
alexnet_bs/fc8/Conv2D@soc=2/2                                          Convolution     MyriadXHwOp     EXECUTED        435
alexnet_bs/fc8/Conv2D@soc=2/2@accum                                    Convolution     Sum             EXECUTED        37
alexnet_bs/fc8/Conv2D@split-input                                      Convolution     Split           OPTIMIZED_OUT   0
alexnet_bs/fc8/squeezed                                                Reshape         Reshape         OPTIMIZED_OUT   0
alexnet_bs/pool1/MaxPool                                               Pooling         MyriadXHwOp     EXECUTED        232
alexnet_bs/pool1/MaxPool@padding                                       Pooling         Pad             EXECUTED        900
alexnet_bs/pool2/MaxPool                                               Pooling         MyriadXHwOp     EXECUTED        64
alexnet_bs/pool5/MaxPool                                               Pooling         MyriadXHwOp     EXECUTED        33
input@FP16                                                             <Extra>         Convert_f32f16  EXECUTED        322
output                                                                 SoftMax         SoftMax         EXECUTED        83
output@FP16                                                            <Extra>         Convert_f16f32  EXECUTED        44
[ INFO ] Processing output blob
[ INFO ] Top 10 results:
Image C:\Users\alexa\Documents\NCS\test_pictures\car.jpg

classid probability
------- -----------
toucan   0.0016623
mouth organ, harp, mouth harp0.0016270
  jug    0.0016079
guitar   0.0015564
 bowl    0.0015402
bustard  0.0015249
 macaw   0.0015030
puma, catamount, mountain lion, painter, panther, Felis concolor0.0014963
sea star  0.0014658
 dish    0.0014620



C:\Users\alexa\Documents\NCS\AcceleratorProject (master -> origin)
λ python "C:\Program Files (x86)\IntelSWTools\openvino_2019.1.148\deployment_tools\inference_engine\samples\python_samples\classification_sample\classification_sample.py" --model C:\Users\alexa\Documents\NCS\ir\alexnet_bs.frozen.xml --input C:\Users\alexa\Documents\NCS\test_pictures\car.jpg --device MYRIAD --perf_counts --labels C:\Users\alexa\Documents\NCS\ir\squeezenet1.1.labels
[ INFO ] Loading network files:
        C:\Users\alexa\Documents\NCS\ir\alexnet_bs.frozen.xml
        C:\Users\alexa\Documents\NCS\ir\alexnet_bs.frozen.bin
[ INFO ] Preparing input blobs
[ WARNING ] Image C:\Users\alexa\Documents\NCS\test_pictures\car.jpg is resized from (1700, 2560) to (224, 224)
[ INFO ] Batch size is 1
[ INFO ] Loading model to the plugin
[ INFO ] Starting inference (1 iterations)
[ INFO ] Average running time of one iteration: 28.118371963500977 ms
[ INFO ] Performance counters:
name                                                                   layer_type      exet_type       status          real_time, us
<none>                                                                 ReLU            <none>          OPTIMIZED_OUT   0
alexnet_bs/conv1/Conv2D@concat-output                                  Convolution     Concat          OPTIMIZED_OUT   0
alexnet_bs/conv1/Conv2D@concat-output@input=0@copy-for-concat          Convolution     Copy            EXECUTED        85
alexnet_bs/conv1/Conv2D@concat-output@input=1@copy-for-concat          Convolution     Copy            EXECUTED        66
alexnet_bs/conv1/Conv2D@concat-output@input=3@copy-for-concat          Convolution     Copy            EXECUTED        18
alexnet_bs/conv1/Conv2D@expand-input                                   Convolution     Expand          OPTIMIZED_OUT   0
alexnet_bs/conv1/Conv2D@soh=1/4                                        Convolution     MyriadXHwOp     EXECUTED        446
alexnet_bs/conv1/Conv2D@soh=2/4                                        Convolution     MyriadXHwOp     EXECUTED        437
alexnet_bs/conv1/Conv2D@soh=3/4                                        Convolution     MyriadXHwOp     EXECUTED        437
alexnet_bs/conv1/Conv2D@soh=4/4 + injected[alexnet_bs/conv1/Conv2D@concat-output@input=2@copy-for-concat] Convolution     MyriadXHwOp + injected[Copy] EXECUTED        72
alexnet_bs/conv1/Conv2D@split-input                                    Convolution     Split           OPTIMIZED_OUT   0
alexnet_bs/conv2/Conv2D                                                Convolution     MyriadXHwOp     EXECUTED        1805
alexnet_bs/conv3/Conv2D                                                Convolution     MyriadXHwOp     EXECUTED        739
alexnet_bs/conv4/Conv2D                                                Convolution     MyriadXHwOp     EXECUTED        1560
alexnet_bs/conv5/Conv2D                                                Convolution     MyriadXHwOp     EXECUTED        1560
alexnet_bs/fc6/Conv2D@expand-input                                     Convolution     Expand          OPTIMIZED_OUT   0
alexnet_bs/fc6/Conv2D@soc=1/5                                          Convolution     MyriadXHwOp     EXECUTED        1717
alexnet_bs/fc6/Conv2D@soc=2/5                                          Convolution     MyriadXHwOp     EXECUTED        1703
alexnet_bs/fc6/Conv2D@soc=3/5 + injected[alexnet_bs/fc6/Conv2D@soc=2/5@accum] Convolution     MyriadXHwOp + injected[Sum] EXECUTED        1729
alexnet_bs/fc6/Conv2D@soc=4/5 + injected[alexnet_bs/fc6/Conv2D@soc=3/5@accum] Convolution     MyriadXHwOp + injected[Sum] EXECUTED        1727
alexnet_bs/fc6/Conv2D@soc=5/5 + injected[alexnet_bs/fc6/Conv2D@soc=4/5@accum] Convolution     MyriadXHwOp + injected[Sum] EXECUTED        1727
alexnet_bs/fc6/Conv2D@soc=5/5@ReLU                                     Convolution     Relu            EXECUTED        47
alexnet_bs/fc6/Conv2D@soc=5/5@accum                                    Convolution     Sum             EXECUTED        42
alexnet_bs/fc6/Conv2D@split-input                                      Convolution     Split           OPTIMIZED_OUT   0
alexnet_bs/fc7/Conv2D@soc=1/2                                          Convolution     MyriadXHwOp     EXECUTED        1747
alexnet_bs/fc7/Conv2D@soc=2/2                                          Convolution     MyriadXHwOp     EXECUTED        1738
alexnet_bs/fc7/Conv2D@soc=2/2@ReLU                                     Convolution     Relu            EXECUTED        40
alexnet_bs/fc7/Conv2D@soc=2/2@accum                                    Convolution     Sum             EXECUTED        44
alexnet_bs/fc7/Conv2D@split-input                                      Convolution     Split           OPTIMIZED_OUT   0
alexnet_bs/fc8/Conv2D/Permute_                                         Permute         Permute         EXECUTED        20
alexnet_bs/fc8/Conv2D@soc=1/2                                          Convolution     MyriadXHwOp     EXECUTED        437
alexnet_bs/fc8/Conv2D@soc=2/2                                          Convolution     MyriadXHwOp     EXECUTED        434
alexnet_bs/fc8/Conv2D@soc=2/2@accum                                    Convolution     Sum             EXECUTED        37
alexnet_bs/fc8/Conv2D@split-input                                      Convolution     Split           OPTIMIZED_OUT   0
alexnet_bs/fc8/squeezed                                                Reshape         Reshape         OPTIMIZED_OUT   0
alexnet_bs/pool1/MaxPool                                               Pooling         MyriadXHwOp     EXECUTED        230
alexnet_bs/pool1/MaxPool@padding                                       Pooling         Pad             EXECUTED        900
alexnet_bs/pool2/MaxPool                                               Pooling         MyriadXHwOp     EXECUTED        64
alexnet_bs/pool5/MaxPool                                               Pooling         MyriadXHwOp     EXECUTED        34
input@FP16                                                             <Extra>         Convert_f32f16  EXECUTED        326
output                                                                 SoftMax         SoftMax         EXECUTED        83
output@FP16                                                            <Extra>         Convert_f16f32  EXECUTED        43
[ INFO ] Processing output blob
[ INFO ] Top 10 results:
Image C:\Users\alexa\Documents\NCS\test_pictures\car.jpg

classid probability
------- -----------
toucan   0.0016623
mouth organ, harp, mouth harp0.0016270
  jug    0.0016079
guitar   0.0015564
 bowl    0.0015402
bustard  0.0015249
 macaw   0.0015030
puma, catamount, mountain lion, painter, panther, Felis concolor0.0014963
sea star  0.0014658
 dish    0.0014620



C:\Users\alexa\Documents\NCS\AcceleratorProject (master -> origin)
λ python "C:\Program Files (x86)\IntelSWTools\openvino_2019.1.148\deployment_tools\inference_engine\samples\python_samples\classification_sample\classification_sample.py" --model C:\Users\alexa\Documents\NCS\ir\alexnet_bs.frozen.xml --input C:\Users\alexa\Documents\NCS\test_pictures\car.jpg --device MYRIAD --perf_counts --labels C:\Users\alexa\Documents\NCS\ir\squeezenet1.1.labels
[ INFO ] Loading network files:
        C:\Users\alexa\Documents\NCS\ir\alexnet_bs.frozen.xml
        C:\Users\alexa\Documents\NCS\ir\alexnet_bs.frozen.bin
[ INFO ] Preparing input blobs
[ WARNING ] Image C:\Users\alexa\Documents\NCS\test_pictures\car.jpg is resized from (1700, 2560) to (224, 224)
[ INFO ] Batch size is 1
[ INFO ] Loading model to the plugin
[ INFO ] Starting inference (1 iterations)
[ INFO ] Average running time of one iteration: 85.53671836853027 ms
[ INFO ] Performance counters:
name                                                                   layer_type      exet_type       status          real_time, us
alexnet_bs/conv1/Conv2D                                                Convolution     Conv            EXECUTED        7904
alexnet_bs/conv1/Relu                                                  ReLU            BiasRelu        EXECUTED        778
alexnet_bs/conv2/Conv2D                                                Convolution     Im2ColConvolution EXECUTED        15147
alexnet_bs/conv2/Relu                                                  ReLU            BiasRelu        EXECUTED        199
alexnet_bs/conv3/Conv2D                                                Convolution     Conv            EXECUTED        3927
alexnet_bs/conv3/Relu                                                  ReLU            BiasRelu        EXECUTED        118
alexnet_bs/conv4/Conv2D                                                Convolution     Conv            EXECUTED        8027
alexnet_bs/conv4/Relu                                                  ReLU            BiasRelu        EXECUTED        118
alexnet_bs/conv5/Conv2D                                                Convolution     Conv            EXECUTED        8027
alexnet_bs/conv5/Relu                                                  ReLU            BiasRelu        EXECUTED        118
alexnet_bs/fc6/Conv2D                                                  Convolution     Im2ColConvolution EXECUTED        22480
alexnet_bs/fc6/Relu                                                    ReLU            BiasRelu        EXECUTED        71
alexnet_bs/fc7/Conv2D                                                  Convolution     FC              EXECUTED        9620
alexnet_bs/fc7/Relu                                                    ReLU            BiasRelu        EXECUTED        71
alexnet_bs/fc8/Conv2D                                                  Convolution     FC              EXECUTED        2515
alexnet_bs/fc8/Conv2D/Permute_                                         Permute         Permute         EXECUTED        25
alexnet_bs/fc8/Conv2D@biases                                           Convolution     Bias            EXECUTED        37
alexnet_bs/fc8/squeezed                                                Reshape         Reshape         OPTIMIZED_OUT   0
alexnet_bs/fc8/squeezed@input=0@reorder=NCHW                           Reshape         Permute         EXECUTED        18
alexnet_bs/pool1/MaxPool                                               Pooling         MaxPool         EXECUTED        498
alexnet_bs/pool2/MaxPool                                               Pooling         MaxPool         EXECUTED        151
alexnet_bs/pool5/MaxPool                                               Pooling         MaxPool         EXECUTED        91
input@FP16                                                             <Extra>         Convert_f32f16  EXECUTED        296
output                                                                 SoftMax         SoftMax         EXECUTED        46
output@FP16                                                            <Extra>         Convert_f16f32  EXECUTED        39
[ INFO ] Processing output blob
[ INFO ] Top 10 results:
Image C:\Users\alexa\Documents\NCS\test_pictures\car.jpg

classid probability
------- -----------
toucan   0.0016737
mouth organ, harp, mouth harp0.0016365
  jug    0.0016193
guitar   0.0015621
 bowl    0.0015478
bustard  0.0015345
 macaw   0.0015135
puma, catamount, mountain lion, painter, panther, Felis concolor0.0015039
sea star  0.0014734
 dish    0.0014706



C:\Users\alexa\Documents\NCS\AcceleratorProject (master -> origin)
λ python "C:\Program Files (x86)\IntelSWTools\openvino_2019.1.148\deployment_tools\inference_engine\samples\python_samples\classification_sample\classification_sample.py" --model C:\Users\alexa\Documents\NCS\ir\alexnet_bs.frozen.xml --input C:\Users\alexa\Documents\NCS\test_pictures\car.jpg --device MYRIAD --perf_counts --labels C:\Users\alexa\Documents\NCS\ir\squeezenet1.1.labels
[ INFO ] Loading network files:
        C:\Users\alexa\Documents\NCS\ir\alexnet_bs.frozen.xml
        C:\Users\alexa\Documents\NCS\ir\alexnet_bs.frozen.bin
[ INFO ] Preparing input blobs
[ WARNING ] Image C:\Users\alexa\Documents\NCS\test_pictures\car.jpg is resized from (1700, 2560) to (224, 224)
[ INFO ] Batch size is 1
[ INFO ] Loading model to the plugin
[ INFO ] Starting inference (1 iterations)
[ INFO ] Average running time of one iteration: 85.75868606567383 ms
[ INFO ] Performance counters:
name                                                                   layer_type      exet_type       status          real_time, us
alexnet_bs/conv1/Conv2D                                                Convolution     Conv            EXECUTED        7904
alexnet_bs/conv1/Relu                                                  ReLU            BiasRelu        EXECUTED        777
alexnet_bs/conv2/Conv2D                                                Convolution     Im2ColConvolution EXECUTED        15148
alexnet_bs/conv2/Relu                                                  ReLU            BiasRelu        EXECUTED        199
alexnet_bs/conv3/Conv2D                                                Convolution     Conv            EXECUTED        3920
alexnet_bs/conv3/Relu                                                  ReLU            BiasRelu        EXECUTED        119
alexnet_bs/conv4/Conv2D                                                Convolution     Conv            EXECUTED        8021
alexnet_bs/conv4/Relu                                                  ReLU            BiasRelu        EXECUTED        120
alexnet_bs/conv5/Conv2D                                                Convolution     Conv            EXECUTED        8036
alexnet_bs/conv5/Relu                                                  ReLU            BiasRelu        EXECUTED        118
alexnet_bs/fc6/Conv2D                                                  Convolution     Im2ColConvolution EXECUTED        22468
alexnet_bs/fc6/Relu                                                    ReLU            BiasRelu        EXECUTED        71
alexnet_bs/fc7/Conv2D                                                  Convolution     FC              EXECUTED        9621
alexnet_bs/fc7/Relu                                                    ReLU            BiasRelu        EXECUTED        70
alexnet_bs/fc8/Conv2D                                                  Convolution     FC              EXECUTED        2512
alexnet_bs/fc8/Conv2D/Permute_                                         Permute         Permute         EXECUTED        24
alexnet_bs/fc8/Conv2D@biases                                           Convolution     Bias            EXECUTED        36
alexnet_bs/fc8/squeezed                                                Reshape         Reshape         OPTIMIZED_OUT   0
alexnet_bs/fc8/squeezed@input=0@reorder=NCHW                           Reshape         Permute         EXECUTED        19
alexnet_bs/pool1/MaxPool                                               Pooling         MaxPool         EXECUTED        500
alexnet_bs/pool2/MaxPool                                               Pooling         MaxPool         EXECUTED        149
alexnet_bs/pool5/MaxPool                                               Pooling         MaxPool         EXECUTED        91
input@FP16                                                             <Extra>         Convert_f32f16  EXECUTED        297
output                                                                 SoftMax         SoftMax         EXECUTED        47
output@FP16                                                            <Extra>         Convert_f16f32  EXECUTED        39
[ INFO ] Processing output blob
[ INFO ] Top 10 results:
Image C:\Users\alexa\Documents\NCS\test_pictures\car.jpg

classid probability
------- -----------
toucan   0.0016737
mouth organ, harp, mouth harp0.0016365
  jug    0.0016193
guitar   0.0015621
 bowl    0.0015478
bustard  0.0015345
 macaw   0.0015135
puma, catamount, mountain lion, painter, panther, Felis concolor0.0015039
sea star  0.0014734
 dish    0.0014706



C:\Users\alexa\Documents\NCS\AcceleratorProject (master -> origin)
λ